// Vitest Snapshot v1, https://vitest.dev/guide/snapshot.html

exports[`startBed > builds the same graph 1`] = `
[
  [
    "ctx",
    "create:gain",
    "gain#2",
  ],
  [
    "gain#2",
    "connect",
    "gain#1",
  ],
  [
    "ctx",
    "create:bufferSource",
    "bufferSource#3",
  ],
  [
    "bufferSource#3",
    "=buffer",
    "buffer#1",
  ],
  [
    "bufferSource#3",
    "=loop",
    true,
  ],
  [
    "ctx",
    "create:filter",
    "filter#4",
  ],
  [
    "filter#4",
    "=type",
    "highpass",
  ],
  [
    "filter#4.frequency",
    "value",
    3200,
  ],
  [
    "ctx",
    "create:gain",
    "gain#5",
  ],
  [
    "gain#5.gain",
    "value",
    0.0175,
  ],
  [
    "bufferSource#3",
    "connect",
    "filter#4",
  ],
  [
    "filter#4",
    "connect",
    "gain#5",
  ],
  [
    "gain#5",
    "connect",
    "gain#2",
  ],
  [
    "bufferSource#3",
    "start",
    0,
  ],
  [
    "ctx",
    "create:oscillator",
    "oscillator#6",
  ],
  [
    "oscillator#6",
    "=type",
    "sawtooth",
  ],
  [
    "oscillator#6.frequency",
    "value",
    60,
  ],
  [
    "ctx",
    "create:filter",
    "filter#7",
  ],
  [
    "filter#7",
    "=type",
    "lowpass",
  ],
  [
    "filter#7.frequency",
    "value",
    260,
  ],
  [
    "ctx",
    "create:gain",
    "gain#8",
  ],
  [
    "gain#8.gain",
    "value",
    0.0088,
  ],
  [
    "oscillator#6",
    "connect",
    "filter#7",
  ],
  [
    "filter#7",
    "connect",
    "gain#8",
  ],
  [
    "gain#8",
    "connect",
    "gain#2",
  ],
  [
    "oscillator#6",
    "start",
    0,
  ],
  [
    "ctx",
    "create:oscillator",
    "oscillator#9",
  ],
  [
    "oscillator#9",
    "=type",
    "sine",
  ],
  [
    "oscillator#9.frequency",
    "value",
    120,
  ],
  [
    "ctx",
    "create:filter",
    "filter#10",
  ],
  [
    "filter#10",
    "=type",
    "lowpass",
  ],
  [
    "filter#10.frequency",
    "value",
    260,
  ],
  [
    "ctx",
    "create:gain",
    "gain#11",
  ],
  [
    "gain#11.gain",
    "value",
    0.0048000000000000004,
  ],
  [
    "oscillator#9",
    "connect",
    "filter#10",
  ],
  [
    "filter#10",
    "connect",
    "gain#11",
  ],
  [
    "gain#11",
    "connect",
    "gain#2",
  ],
  [
    "oscillator#9",
    "start",
    0,
  ],
  [
    "ctx",
    "create:oscillator",
    "oscillator#12",
  ],
  [
    "oscillator#12",
    "=type",
    "sine",
  ],
  [
    "oscillator#12.frequency",
    "value",
    15734,
  ],
  [
    "ctx",
    "create:gain",
    "gain#13",
  ],
  [
    "gain#13.gain",
    "value",
    0.003,
  ],
  [
    "ctx",
    "create:oscillator",
    "oscillator#14",
  ],
  [
    "oscillator#14.frequency",
    "value",
    0.23,
  ],
  [
    "ctx",
    "create:gain",
    "gain#15",
  ],
  [
    "gain#15.gain",
    "value",
    6,
  ],
  [
    "oscillator#14",
    "connect",
    "gain#15",
  ],
  [
    "gain#15",
    "connect",
    "oscillator#12.frequency",
  ],
  [
    "oscillator#12",
    "connect",
    "gain#13",
  ],
  [
    "gain#13",
    "connect",
    "gain#2",
  ],
  [
    "oscillator#12",
    "start",
    0,
  ],
  [
    "oscillator#14",
    "start",
    0,
  ],
]
`;

exports[`stopBed > tears down the same nodes 1`] = `
[
  [
    "bufferSource#3",
    "stop",
  ],
  [
    "oscillator#6",
    "stop",
  ],
  [
    "oscillator#9",
    "stop",
  ],
  [
    "oscillator#12",
    "stop",
  ],
  [
    "oscillator#14",
    "stop",
  ],
  [
    "gain#2",
    "disconnect",
  ],
  [
    "filter#4",
    "disconnect",
  ],
  [
    "gain#5",
    "disconnect",
  ],
  [
    "filter#7",
    "disconnect",
  ],
  [
    "gain#8",
    "disconnect",
  ],
  [
    "filter#10",
    "disconnect",
  ],
  [
    "gain#11",
    "disconnect",
  ],
  [
    "gain#13",
    "disconnect",
  ],
  [
    "gain#15",
    "disconnect",
  ],
]
`;
